<html>
<body>
<pre>
<h1>µVision Build Log</h1>
<h2>Tool Versions:</h2>
IDE-Version: ¦ÌVision V5.17.0.0
Copyright (C) 2015 ARM Ltd and ARM Germany GmbH. All rights reserved.
License Information: huang huanggw163@163.com, hehe, LIC=FQQ9U-SY7I3-BVV1G-V9PBJ-11VV9-YEPG9
 
Tool Versions:
Toolchain:       MDK-ARM Professional  Version: 5.17
Toolchain Path:  d:\Keil_v5\ARM\ARMCC\Bin
C Compiler:      Armcc.exe V5.06 update 1 (build 61)
Assembler:       Armasm.exe V5.06 update 1 (build 61)
Linker/Locator:  ArmLink.exe V5.06 update 1 (build 61)
Library Manager: ArmAr.exe V5.06 update 1 (build 61)
Hex Converter:   FromElf.exe V5.06 update 1 (build 61)
CPU DLL:         SARMCM3.DLL V5.17
Dialog DLL:      DCM.DLL V1.13.4.0
Target DLL:      CMSIS_AGDI.dll V1.23.1.0
Dialog DLL:      TCM.DLL V1.14.6.0
 
<h2>Project:</h2>
E:\01_dsp\01_STM32_learning\02_template\Template.uvprojx
Project File Date:  09/27/2018

<h2>Output:</h2>
*** Using Compiler 'V5.06 update 1 (build 61)', folder: 'd:\Keil_v5\ARM\ARMCC\Bin'
Rebuild target 'Target 1'
assembling startup_stm32f40_41xxx.s...
compiling main.c...
User\main.c(43): warning:  #177-D: variable "u32BaseTime" was declared but never referenced
      u32 u32BaseTime, u32DeltaTime; 
User\main.c(43): warning:  #177-D: variable "u32DeltaTime" was declared but never referenced
      u32 u32BaseTime, u32DeltaTime; 
User\main.c: 2 warnings, 0 errors
compiling stm32f4xx_it.c...
compiling stm32f4xx_gpio.c...
compiling stm32f4xx_syscfg.c...
compiling stm32f4xx_rcc.c...
compiling misc.c...
compiling publicFunction.c...
compiling system_stm32f4xx.c...
compiling led.c...
APP\led\led.c(36): warning:  #174-D: expression has no effect
      GPIO_InitStructure.GPIO_Pin = (
PIOF, 
PIO_Pin_9);//?Ü½?????F9
APP\led\led.c(41): warning:  #174-D: expression has no effect
      GPIO_SetBits(
PIOF, (
PIOF, 
PIO_Pin_9));
APP\led\led.c(62): warning:  #174-D: expression has no effect
              GPIO_SetBits(
PIOF,(
PIOF,
PIO_Pin_9));   // ??Î»F9
APP\led\led.c: 3 warnings, 0 errors
linking...
Program Size: Code=1748 RO-data=424 RW-data=8 ZI-data=1632  
FromELF: creating hex file...
".\Obj\Template.axf" - 0 Error(s), 5 Warning(s).

<h2>Collection of Component include folders:</h2>
  E:\01_dsp\01_STM32_learning\02_template\RTE
  d:\Keil_v5\ARM\PACK\Keil\STM32F4xx_DFP\1.0.8\Device\Include

<h2>Collection of Component Files used:</h2>
Build Time Elapsed:  00:00:08
</pre>
</body>
</html>
